77,93
1920
16
5000
.............................................................................................
.............................................................................................
.............................................................................................
.............................................................................................
.........r.........r.........r.........r.........r.........r.........r.........r.............
.............................................................................................
.............................................................................................
.............................................................................................
.............................................................................................
.........eeeeeeeeeeeeeee.....eeeeeeeeeeeeeee.....eeeeeeeeeeeeeee.....eeeeeeeeeeeeeee.........
.........eeeeeeeeeeeeeee.....eeeeeeeeeeeeeee.....eeeeeeeeeeeeeee.....eeeeeeeeeeeeeee.........
.........eeeeeeeeeeeeeee.....eeeeeeeeeeeeeee.....eeeeeeeeeeeeeee.....eeeeeeeeeeeeeee.........
.........eeeeeeeeeeeeeee.....eeeeeeeeeeeeeee.....eeeeeeeeeeeeeee.....eeeeeeeeeeeeeee.........
.........eeeeeeeeeeeeeee.....eeeeeeeeeeeeeee.....eeeeeeeeeeeeeee.....eeeeeeeeeeeeeee.........
.........eeeeeeeeeeeeeee.....eeeeeeeeeeeeeee.....eeeeeeeeeeeeeee.....eeeeeeeeeeeeeee.........
.........eeeeeeeeeeeeeee.....eeeeeeeeeeeeeee.....eeeeeeeeeeeeeee.....eeeeeeeeeeeeeee.........
.........eeeeeeeeeeeeeee.....eeeeeeeeeeeeeee.....eeeeeeeeeeeeeee.....eeeeeeeeeeeeeee.........
.............................................................................................
.............................................................................................
.............................................................................................
.............................................................................................
.............................................................................................
.............................................................................................
.............................................................................................
.............................................................................................
.............................................................................................
.........eeeeeeeeeeeeeee.....eeeeeeeeeeeeeee.....eeeeeeeeeeeeeee.....eeeeeeeeeeeeeee.........
.........eeeeeeeeeeeeeee.....eeeeeeeeeeeeeee.....eeeeeeeeeeeeeee.....eeeeeeeeeeeeeee.........
.........eeeeeeeeeeeeeee.....eeeeeeeeeeeeeee.....eeeeeeeeeeeeeee.....eeeeeeeeeeeeeee.........
.........eeeeeeeeeeeeeee.....eeeeeeeeeeeeeee.....eeeeeeeeeeeeeee.....eeeeeeeeeeeeeee.........
.........eeeeeeeeeeeeeee.....eeeeeeeeeeeeeee.....eeeeeeeeeeeeeee.....eeeeeeeeeeeeeee.........
.........eeeeeeeeeeeeeee.....eeeeeeeeeeeeeee.....eeeeeeeeeeeeeee.....eeeeeeeeeeeeeee.........
.........eeeeeeeeeeeeeee.....eeeeeeeeeeeeeee.....eeeeeeeeeeeeeee.....eeeeeeeeeeeeeee.........
.........eeeeeeeeeeeeeee.....eeeeeeeeeeeeeee.....eeeeeeeeeeeeeee.....eeeeeeeeeeeeeee.........
.............................................................................................
.............................................................................................
.............................................................................................
.............................................................................................
.............................................................................................
.............................................................................................
.............................................................................................
.............................................................................................
.............................................................................................
.........eeeeeeeeeeeeeee.....eeeeeeeeeeeeeee.....eeeeeeeeeeeeeee.....eeeeeeeeeeeeeee.........
.........eeeeeeeeeeeeeee.....eeeeeeeeeeeeeee.....eeeeeeeeeeeeeee.....eeeeeeeeeeeeeee.........
.........eeeeeeeeeeeeeee.....eeeeeeeeeeeeeee.....eeeeeeeeeeeeeee.....eeeeeeeeeeeeeee.........
.........eeeeeeeeeeeeeee.....eeeeeeeeeeeeeee.....eeeeeeeeeeeeeee.....eeeeeeeeeeeeeee.........
.........eeeeeeeeeeeeeee.....eeeeeeeeeeeeeee.....eeeeeeeeeeeeeee.....eeeeeeeeeeeeeee.........
.........eeeeeeeeeeeeeee.....eeeeeeeeeeeeeee.....eeeeeeeeeeeeeee.....eeeeeeeeeeeeeee.........
.........eeeeeeeeeeeeeee.....eeeeeeeeeeeeeee.....eeeeeeeeeeeeeee.....eeeeeeeeeeeeeee.........
.........eeeeeeeeeeeeeee.....eeeeeeeeeeeeeee.....eeeeeeeeeeeeeee.....eeeeeeeeeeeeeee.........
.............................................................................................
.............................................................................................
.............................................................................................
.............................................................................................
.............................................................................................
.............................................................................................
.............................................................................................
.............................................................................................
.............................................................................................
.........eeeeeeeeeeeeeee.....eeeeeeeeeeeeeee.....eeeeeeeeeeeeeee.....eeeeeeeeeeeeeee.........
.........eeeeeeeeeeeeeee.....eeeeeeeeeeeeeee.....eeeeeeeeeeeeeee.....eeeeeeeeeeeeeee.........
.........eeeeeeeeeeeeeee.....eeeeeeeeeeeeeee.....eeeeeeeeeeeeeee.....eeeeeeeeeeeeeee.........
.........eeeeeeeeeeeeeee.....eeeeeeeeeeeeeee.....eeeeeeeeeeeeeee.....eeeeeeeeeeeeeee.........
.........eeeeeeeeeeeeeee.....eeeeeeeeeeeeeee.....eeeeeeeeeeeeeee.....eeeeeeeeeeeeeee.........
.........eeeeeeeeeeeeeee.....eeeeeeeeeeeeeee.....eeeeeeeeeeeeeee.....eeeeeeeeeeeeeee.........
.........eeeeeeeeeeeeeee.....eeeeeeeeeeeeeee.....eeeeeeeeeeeeeee.....eeeeeeeeeeeeeee.........
.........eeeeeeeeeeeeeee.....eeeeeeeeeeeeeee.....eeeeeeeeeeeeeee.....eeeeeeeeeeeeeee.........
.............................................................................................
.............................................................................................
.............................................................................................
.............................................................................................
.........r.........r.........r.........r.........r.........r.........r.........r.............
.............................................................................................
.............................................................................................
.............................................................................................
.............................................................................................
