50,95
600
0
5000
rrrrr.....................................................................................rrrrr
rrrrr.....................................................................................rrrrr
rrrrr.....................................................................................rrrrr
rrrrr.....................................................................................rrrrr
rrrrr.....................................................................................rrrrr
rrrrr.....eeeeeeeeeeeeeee.....eeeeeeeeeeeeeee.....eeeeeeeeeeeeeee.....eeeeeeeeeeeeeee.....rrrrr
rrrrr.....@@@@@@@@@@@@@@@.....@@@@@@@@@@@@@@@.....@@@@@@@@@@@@@@@.....@@@@@@@@@@@@@@@.....rrrrr
rrrrr.....@@@@@@@@@@@@@@@.....@@@@@@@@@@@@@@@.....@@@@@@@@@@@@@@@.....@@@@@@@@@@@@@@@.....rrrrr
rrrrr.....eeeeeeeeeeeeeee.....eeeeeeeeeeeeeee.....eeeeeeeeeeeeeee.....eeeeeeeeeeeeeee.....rrrrr
rrrrr.....................................................................................rrrrr
rrrrr.....................................................................................rrrrr
rrrrr.....................................................................................rrrrr
rrrrr.....................................................................................rrrrr
rrrrr.....................................................................................rrrrr
rrrrr.....eeeeeeeeeeeeeee.....eeeeeeeeeeeeeee.....eeeeeeeeeeeeeee.....eeeeeeeeeeeeeee.....rrrrr
rrrrr.....@@@@@@@@@@@@@@@.....@@@@@@@@@@@@@@@.....@@@@@@@@@@@@@@@.....@@@@@@@@@@@@@@@.....rrrrr
rrrrr.....@@@@@@@@@@@@@@@.....@@@@@@@@@@@@@@@.....@@@@@@@@@@@@@@@.....@@@@@@@@@@@@@@@.....rrrrr
rrrrr.....eeeeeeeeeeeeeee.....eeeeeeeeeeeeeee.....eeeeeeeeeeeeeee.....eeeeeeeeeeeeeee.....rrrrr
rrrrr.....................................................................................rrrrr
rrrrr.....................................................................................rrrrr
rrrrr.....................................................................................rrrrr
rrrrr.....................................................................................rrrrr
rrrrr.....................................................................................rrrrr
rrrrr.....eeeeeeeeeeeeeee.....eeeeeeeeeeeeeee.....eeeeeeeeeeeeeee.....eeeeeeeeeeeeeee.....rrrrr
rrrrr.....@@@@@@@@@@@@@@@.....@@@@@@@@@@@@@@@.....@@@@@@@@@@@@@@@.....@@@@@@@@@@@@@@@.....rrrrr
rrrrr.....@@@@@@@@@@@@@@@.....@@@@@@@@@@@@@@@.....@@@@@@@@@@@@@@@.....@@@@@@@@@@@@@@@.....rrrrr
rrrrr.....eeeeeeeeeeeeeee.....eeeeeeeeeeeeeee.....eeeeeeeeeeeeeee.....eeeeeeeeeeeeeee.....rrrrr
rrrrr.....................................................................................rrrrr
rrrrr.....................................................................................rrrrr
rrrrr.....................................................................................rrrrr
rrrrr.....................................................................................rrrrr
rrrrr.....................................................................................rrrrr
rrrrr.....eeeeeeeeeeeeeee.....eeeeeeeeeeeeeee.....eeeeeeeeeeeeeee.....eeeeeeeeeeeeeee.....rrrrr
rrrrr.....@@@@@@@@@@@@@@@.....@@@@@@@@@@@@@@@.....@@@@@@@@@@@@@@@.....@@@@@@@@@@@@@@@.....rrrrr
rrrrr.....@@@@@@@@@@@@@@@.....@@@@@@@@@@@@@@@.....@@@@@@@@@@@@@@@.....@@@@@@@@@@@@@@@.....rrrrr
rrrrr.....eeeeeeeeeeeeeee.....eeeeeeeeeeeeeee.....eeeeeeeeeeeeeee.....eeeeeeeeeeeeeee.....rrrrr
rrrrr.....................................................................................rrrrr
rrrrr.....................................................................................rrrrr
rrrrr.....................................................................................rrrrr
rrrrr.....................................................................................rrrrr
rrrrr.....................................................................................rrrrr
rrrrr.....eeeeeeeeeeeeeee.....eeeeeeeeeeeeeee.....eeeeeeeeeeeeeee.....eeeeeeeeeeeeeee.....rrrrr
rrrrr.....@@@@@@@@@@@@@@@.....@@@@@@@@@@@@@@@.....@@@@@@@@@@@@@@@.....@@@@@@@@@@@@@@@.....rrrrr
rrrrr.....@@@@@@@@@@@@@@@.....@@@@@@@@@@@@@@@.....@@@@@@@@@@@@@@@.....@@@@@@@@@@@@@@@.....rrrrr
rrrrr.....eeeeeeeeeeeeeee.....eeeeeeeeeeeeeee.....eeeeeeeeeeeeeee.....eeeeeeeeeeeeeee.....rrrrr
rrrrr.....................................................................................rrrrr
rrrrr.....................................................................................rrrrr
rrrrr.....................................................................................rrrrr
rrrrr.....................................................................................rrrrr
rrrrr.....................................................................................rrrrr
