99,138
4320
1728
5000
..........................................................................................................................................
..........................................................................................................................................
..........................................................................................................................................
...rrrrrr...rrrrrr...eeeeeeeeeeeeeeeeeeeeeeeeeeeeee...eeeeeeeeeeeeeeeeeeeeeeeeeeeeee...eeeeeeeeeeeeeeeeeeeeeeeeeeeeee...rrrrrr...rrrrrr...
...rrrrrr...rrrrrr...eeeeeeeeeeeeeeeeeeeeeeeeeeeeee...eeeeeeeeeeeeeeeeeeeeeeeeeeeeee...eeeeeeeeeeeeeeeeeeeeeeeeeeeeee...rrrrrr...rrrrrr...
...rrrrrr...rrrrrr...eeeeeeeeeeeeeeeeeeeeeeeeeeeeee...eeeeeeeeeeeeeeeeeeeeeeeeeeeeee...eeeeeeeeeeeeeeeeeeeeeeeeeeeeee...rrrrrr...rrrrrr...
...rrrrrr...rrrrrr...@@@@@@@@@@@@@@@@@@@@@@@@@@@@@@...@@@@@@@@@@@@@@@@@@@@@@@@@@@@@@...@@@@@@@@@@@@@@@@@@@@@@@@@@@@@@...rrrrrr...rrrrrr...
...rrrrrr...rrrrrr...@@@@@@@@@@@@@@@@@@@@@@@@@@@@@@...@@@@@@@@@@@@@@@@@@@@@@@@@@@@@@...@@@@@@@@@@@@@@@@@@@@@@@@@@@@@@...rrrrrr...rrrrrr...
...rrrrrr...rrrrrr...@@@@@@@@@@@@@@@@@@@@@@@@@@@@@@...@@@@@@@@@@@@@@@@@@@@@@@@@@@@@@...@@@@@@@@@@@@@@@@@@@@@@@@@@@@@@...rrrrrr...rrrrrr...
...rrrrrr...rrrrrr...eeeeeeeeeeeeeeeeeeeeeeeeeeeeee...eeeeeeeeeeeeeeeeeeeeeeeeeeeeee...eeeeeeeeeeeeeeeeeeeeeeeeeeeeee...rrrrrr...rrrrrr...
...rrrrrr...rrrrrr...eeeeeeeeeeeeeeeeeeeeeeeeeeeeee...eeeeeeeeeeeeeeeeeeeeeeeeeeeeee...eeeeeeeeeeeeeeeeeeeeeeeeeeeeee...rrrrrr...rrrrrr...
...rrrrrr...rrrrrr...eeeeeeeeeeeeeeeeeeeeeeeeeeeeee...eeeeeeeeeeeeeeeeeeeeeeeeeeeeee...eeeeeeeeeeeeeeeeeeeeeeeeeeeeee...rrrrrr...rrrrrr...
..........................................................................................................................................
..........................................................................................................................................
..........................................................................................................................................
...rrrrrr...rrrrrr...eeeeeeeeeeeeeeeeeeeeeeeeeeeeee...eeeeeeeeeeeeeeeeeeeeeeeeeeeeee...eeeeeeeeeeeeeeeeeeeeeeeeeeeeee...rrrrrr...rrrrrr...
...rrrrrr...rrrrrr...eeeeeeeeeeeeeeeeeeeeeeeeeeeeee...eeeeeeeeeeeeeeeeeeeeeeeeeeeeee...eeeeeeeeeeeeeeeeeeeeeeeeeeeeee...rrrrrr...rrrrrr...
...rrrrrr...rrrrrr...eeeeeeeeeeeeeeeeeeeeeeeeeeeeee...eeeeeeeeeeeeeeeeeeeeeeeeeeeeee...eeeeeeeeeeeeeeeeeeeeeeeeeeeeee...rrrrrr...rrrrrr...
...rrrrrr...rrrrrr...@@@@@@@@@@@@@@@@@@@@@@@@@@@@@@...@@@@@@@@@@@@@@@@@@@@@@@@@@@@@@...@@@@@@@@@@@@@@@@@@@@@@@@@@@@@@...rrrrrr...rrrrrr...
...rrrrrr...rrrrrr...@@@@@@@@@@@@@@@@@@@@@@@@@@@@@@...@@@@@@@@@@@@@@@@@@@@@@@@@@@@@@...@@@@@@@@@@@@@@@@@@@@@@@@@@@@@@...rrrrrr...rrrrrr...
...rrrrrr...rrrrrr...@@@@@@@@@@@@@@@@@@@@@@@@@@@@@@...@@@@@@@@@@@@@@@@@@@@@@@@@@@@@@...@@@@@@@@@@@@@@@@@@@@@@@@@@@@@@...rrrrrr...rrrrrr...
...rrrrrr...rrrrrr...eeeeeeeeeeeeeeeeeeeeeeeeeeeeee...eeeeeeeeeeeeeeeeeeeeeeeeeeeeee...eeeeeeeeeeeeeeeeeeeeeeeeeeeeee...rrrrrr...rrrrrr...
...rrrrrr...rrrrrr...eeeeeeeeeeeeeeeeeeeeeeeeeeeeee...eeeeeeeeeeeeeeeeeeeeeeeeeeeeee...eeeeeeeeeeeeeeeeeeeeeeeeeeeeee...rrrrrr...rrrrrr...
...rrrrrr...rrrrrr...eeeeeeeeeeeeeeeeeeeeeeeeeeeeee...eeeeeeeeeeeeeeeeeeeeeeeeeeeeee...eeeeeeeeeeeeeeeeeeeeeeeeeeeeee...rrrrrr...rrrrrr...
..........................................................................................................................................
..........................................................................................................................................
..........................................................................................................................................
...rrrrrr...rrrrrr...eeeeeeeeeeeeeeeeeeeeeeeeeeeeee...eeeeeeeeeeeeeeeeeeeeeeeeeeeeee...eeeeeeeeeeeeeeeeeeeeeeeeeeeeee...rrrrrr...rrrrrr...
...rrrrrr...rrrrrr...eeeeeeeeeeeeeeeeeeeeeeeeeeeeee...eeeeeeeeeeeeeeeeeeeeeeeeeeeeee...eeeeeeeeeeeeeeeeeeeeeeeeeeeeee...rrrrrr...rrrrrr...
...rrrrrr...rrrrrr...eeeeeeeeeeeeeeeeeeeeeeeeeeeeee...eeeeeeeeeeeeeeeeeeeeeeeeeeeeee...eeeeeeeeeeeeeeeeeeeeeeeeeeeeee...rrrrrr...rrrrrr...
...rrrrrr...rrrrrr...@@@@@@@@@@@@@@@@@@@@@@@@@@@@@@...@@@@@@@@@@@@@@@@@@@@@@@@@@@@@@...@@@@@@@@@@@@@@@@@@@@@@@@@@@@@@...rrrrrr...rrrrrr...
...rrrrrr...rrrrrr...@@@@@@@@@@@@@@@@@@@@@@@@@@@@@@...@@@@@@@@@@@@@@@@@@@@@@@@@@@@@@...@@@@@@@@@@@@@@@@@@@@@@@@@@@@@@...rrrrrr...rrrrrr...
...rrrrrr...rrrrrr...@@@@@@@@@@@@@@@@@@@@@@@@@@@@@@...@@@@@@@@@@@@@@@@@@@@@@@@@@@@@@...@@@@@@@@@@@@@@@@@@@@@@@@@@@@@@...rrrrrr...rrrrrr...
...rrrrrr...rrrrrr...eeeeeeeeeeeeeeeeeeeeeeeeeeeeee...eeeeeeeeeeeeeeeeeeeeeeeeeeeeee...eeeeeeeeeeeeeeeeeeeeeeeeeeeeee...rrrrrr...rrrrrr...
...rrrrrr...rrrrrr...eeeeeeeeeeeeeeeeeeeeeeeeeeeeee...eeeeeeeeeeeeeeeeeeeeeeeeeeeeee...eeeeeeeeeeeeeeeeeeeeeeeeeeeeee...rrrrrr...rrrrrr...
...rrrrrr...rrrrrr...eeeeeeeeeeeeeeeeeeeeeeeeeeeeee...eeeeeeeeeeeeeeeeeeeeeeeeeeeeee...eeeeeeeeeeeeeeeeeeeeeeeeeeeeee...rrrrrr...rrrrrr...
..........................................................................................................................................
..........................................................................................................................................
..........................................................................................................................................
...rrrrrr...rrrrrr...eeeeeeeeeeeeeeeeeeeeeeeeeeeeee...eeeeeeeeeeeeeeeeeeeeeeeeeeeeee...eeeeeeeeeeeeeeeeeeeeeeeeeeeeee...rrrrrr...rrrrrr...
...rrrrrr...rrrrrr...eeeeeeeeeeeeeeeeeeeeeeeeeeeeee...eeeeeeeeeeeeeeeeeeeeeeeeeeeeee...eeeeeeeeeeeeeeeeeeeeeeeeeeeeee...rrrrrr...rrrrrr...
...rrrrrr...rrrrrr...eeeeeeeeeeeeeeeeeeeeeeeeeeeeee...eeeeeeeeeeeeeeeeeeeeeeeeeeeeee...eeeeeeeeeeeeeeeeeeeeeeeeeeeeee...rrrrrr...rrrrrr...
...rrrrrr...rrrrrr...@@@@@@@@@@@@@@@@@@@@@@@@@@@@@@...@@@@@@@@@@@@@@@@@@@@@@@@@@@@@@...@@@@@@@@@@@@@@@@@@@@@@@@@@@@@@...rrrrrr...rrrrrr...
...rrrrrr...rrrrrr...@@@@@@@@@@@@@@@@@@@@@@@@@@@@@@...@@@@@@@@@@@@@@@@@@@@@@@@@@@@@@...@@@@@@@@@@@@@@@@@@@@@@@@@@@@@@...rrrrrr...rrrrrr...
...rrrrrr...rrrrrr...@@@@@@@@@@@@@@@@@@@@@@@@@@@@@@...@@@@@@@@@@@@@@@@@@@@@@@@@@@@@@...@@@@@@@@@@@@@@@@@@@@@@@@@@@@@@...rrrrrr...rrrrrr...
...rrrrrr...rrrrrr...eeeeeeeeeeeeeeeeeeeeeeeeeeeeee...eeeeeeeeeeeeeeeeeeeeeeeeeeeeee...eeeeeeeeeeeeeeeeeeeeeeeeeeeeee...rrrrrr...rrrrrr...
...rrrrrr...rrrrrr...eeeeeeeeeeeeeeeeeeeeeeeeeeeeee...eeeeeeeeeeeeeeeeeeeeeeeeeeeeee...eeeeeeeeeeeeeeeeeeeeeeeeeeeeee...rrrrrr...rrrrrr...
...rrrrrr...rrrrrr...eeeeeeeeeeeeeeeeeeeeeeeeeeeeee...eeeeeeeeeeeeeeeeeeeeeeeeeeeeee...eeeeeeeeeeeeeeeeeeeeeeeeeeeeee...rrrrrr...rrrrrr...
..........................................................................................................................................
..........................................................................................................................................
..........................................................................................................................................
...rrrrrr...rrrrrr...eeeeeeeeeeeeeeeeeeeeeeeeeeeeee...eeeeeeeeeeeeeeeeeeeeeeeeeeeeee...eeeeeeeeeeeeeeeeeeeeeeeeeeeeee...rrrrrr...rrrrrr...
...rrrrrr...rrrrrr...eeeeeeeeeeeeeeeeeeeeeeeeeeeeee...eeeeeeeeeeeeeeeeeeeeeeeeeeeeee...eeeeeeeeeeeeeeeeeeeeeeeeeeeeee...rrrrrr...rrrrrr...
...rrrrrr...rrrrrr...eeeeeeeeeeeeeeeeeeeeeeeeeeeeee...eeeeeeeeeeeeeeeeeeeeeeeeeeeeee...eeeeeeeeeeeeeeeeeeeeeeeeeeeeee...rrrrrr...rrrrrr...
...rrrrrr...rrrrrr...@@@@@@@@@@@@@@@@@@@@@@@@@@@@@@...@@@@@@@@@@@@@@@@@@@@@@@@@@@@@@...@@@@@@@@@@@@@@@@@@@@@@@@@@@@@@...rrrrrr...rrrrrr...
...rrrrrr...rrrrrr...@@@@@@@@@@@@@@@@@@@@@@@@@@@@@@...@@@@@@@@@@@@@@@@@@@@@@@@@@@@@@...@@@@@@@@@@@@@@@@@@@@@@@@@@@@@@...rrrrrr...rrrrrr...
...rrrrrr...rrrrrr...@@@@@@@@@@@@@@@@@@@@@@@@@@@@@@...@@@@@@@@@@@@@@@@@@@@@@@@@@@@@@...@@@@@@@@@@@@@@@@@@@@@@@@@@@@@@...rrrrrr...rrrrrr...
...rrrrrr...rrrrrr...eeeeeeeeeeeeeeeeeeeeeeeeeeeeee...eeeeeeeeeeeeeeeeeeeeeeeeeeeeee...eeeeeeeeeeeeeeeeeeeeeeeeeeeeee...rrrrrr...rrrrrr...
...rrrrrr...rrrrrr...eeeeeeeeeeeeeeeeeeeeeeeeeeeeee...eeeeeeeeeeeeeeeeeeeeeeeeeeeeee...eeeeeeeeeeeeeeeeeeeeeeeeeeeeee...rrrrrr...rrrrrr...
...rrrrrr...rrrrrr...eeeeeeeeeeeeeeeeeeeeeeeeeeeeee...eeeeeeeeeeeeeeeeeeeeeeeeeeeeee...eeeeeeeeeeeeeeeeeeeeeeeeeeeeee...rrrrrr...rrrrrr...
..........................................................................................................................................
..........................................................................................................................................
..........................................................................................................................................
...rrrrrr...rrrrrr...eeeeeeeeeeeeeeeeeeeeeeeeeeeeee...eeeeeeeeeeeeeeeeeeeeeeeeeeeeee...eeeeeeeeeeeeeeeeeeeeeeeeeeeeee...rrrrrr...rrrrrr...
...rrrrrr...rrrrrr...eeeeeeeeeeeeeeeeeeeeeeeeeeeeee...eeeeeeeeeeeeeeeeeeeeeeeeeeeeee...eeeeeeeeeeeeeeeeeeeeeeeeeeeeee...rrrrrr...rrrrrr...
...rrrrrr...rrrrrr...eeeeeeeeeeeeeeeeeeeeeeeeeeeeee...eeeeeeeeeeeeeeeeeeeeeeeeeeeeee...eeeeeeeeeeeeeeeeeeeeeeeeeeeeee...rrrrrr...rrrrrr...
...rrrrrr...rrrrrr...@@@@@@@@@@@@@@@@@@@@@@@@@@@@@@...@@@@@@@@@@@@@@@@@@@@@@@@@@@@@@...@@@@@@@@@@@@@@@@@@@@@@@@@@@@@@...rrrrrr...rrrrrr...
...rrrrrr...rrrrrr...@@@@@@@@@@@@@@@@@@@@@@@@@@@@@@...@@@@@@@@@@@@@@@@@@@@@@@@@@@@@@...@@@@@@@@@@@@@@@@@@@@@@@@@@@@@@...rrrrrr...rrrrrr...
...rrrrrr...rrrrrr...@@@@@@@@@@@@@@@@@@@@@@@@@@@@@@...@@@@@@@@@@@@@@@@@@@@@@@@@@@@@@...@@@@@@@@@@@@@@@@@@@@@@@@@@@@@@...rrrrrr...rrrrrr...
...rrrrrr...rrrrrr...eeeeeeeeeeeeeeeeeeeeeeeeeeeeee...eeeeeeeeeeeeeeeeeeeeeeeeeeeeee...eeeeeeeeeeeeeeeeeeeeeeeeeeeeee...rrrrrr...rrrrrr...
...rrrrrr...rrrrrr...eeeeeeeeeeeeeeeeeeeeeeeeeeeeee...eeeeeeeeeeeeeeeeeeeeeeeeeeeeee...eeeeeeeeeeeeeeeeeeeeeeeeeeeeee...rrrrrr...rrrrrr...
...rrrrrr...rrrrrr...eeeeeeeeeeeeeeeeeeeeeeeeeeeeee...eeeeeeeeeeeeeeeeeeeeeeeeeeeeee...eeeeeeeeeeeeeeeeeeeeeeeeeeeeee...rrrrrr...rrrrrr...
..........................................................................................................................................
..........................................................................................................................................
..........................................................................................................................................
...rrrrrr...rrrrrr...eeeeeeeeeeeeeeeeeeeeeeeeeeeeee...eeeeeeeeeeeeeeeeeeeeeeeeeeeeee...eeeeeeeeeeeeeeeeeeeeeeeeeeeeee...rrrrrr...rrrrrr...
...rrrrrr...rrrrrr...eeeeeeeeeeeeeeeeeeeeeeeeeeeeee...eeeeeeeeeeeeeeeeeeeeeeeeeeeeee...eeeeeeeeeeeeeeeeeeeeeeeeeeeeee...rrrrrr...rrrrrr...
...rrrrrr...rrrrrr...eeeeeeeeeeeeeeeeeeeeeeeeeeeeee...eeeeeeeeeeeeeeeeeeeeeeeeeeeeee...eeeeeeeeeeeeeeeeeeeeeeeeeeeeee...rrrrrr...rrrrrr...
...rrrrrr...rrrrrr...@@@@@@@@@@@@@@@@@@@@@@@@@@@@@@...@@@@@@@@@@@@@@@@@@@@@@@@@@@@@@...@@@@@@@@@@@@@@@@@@@@@@@@@@@@@@...rrrrrr...rrrrrr...
...rrrrrr...rrrrrr...@@@@@@@@@@@@@@@@@@@@@@@@@@@@@@...@@@@@@@@@@@@@@@@@@@@@@@@@@@@@@...@@@@@@@@@@@@@@@@@@@@@@@@@@@@@@...rrrrrr...rrrrrr...
...rrrrrr...rrrrrr...@@@@@@@@@@@@@@@@@@@@@@@@@@@@@@...@@@@@@@@@@@@@@@@@@@@@@@@@@@@@@...@@@@@@@@@@@@@@@@@@@@@@@@@@@@@@...rrrrrr...rrrrrr...
...rrrrrr...rrrrrr...eeeeeeeeeeeeeeeeeeeeeeeeeeeeee...eeeeeeeeeeeeeeeeeeeeeeeeeeeeee...eeeeeeeeeeeeeeeeeeeeeeeeeeeeee...rrrrrr...rrrrrr...
...rrrrrr...rrrrrr...eeeeeeeeeeeeeeeeeeeeeeeeeeeeee...eeeeeeeeeeeeeeeeeeeeeeeeeeeeee...eeeeeeeeeeeeeeeeeeeeeeeeeeeeee...rrrrrr...rrrrrr...
...rrrrrr...rrrrrr...eeeeeeeeeeeeeeeeeeeeeeeeeeeeee...eeeeeeeeeeeeeeeeeeeeeeeeeeeeee...eeeeeeeeeeeeeeeeeeeeeeeeeeeeee...rrrrrr...rrrrrr...
..........................................................................................................................................
..........................................................................................................................................
..........................................................................................................................................
...rrrrrr...rrrrrr...eeeeeeeeeeeeeeeeeeeeeeeeeeeeee...eeeeeeeeeeeeeeeeeeeeeeeeeeeeee...eeeeeeeeeeeeeeeeeeeeeeeeeeeeee...rrrrrr...rrrrrr...
...rrrrrr...rrrrrr...eeeeeeeeeeeeeeeeeeeeeeeeeeeeee...eeeeeeeeeeeeeeeeeeeeeeeeeeeeee...eeeeeeeeeeeeeeeeeeeeeeeeeeeeee...rrrrrr...rrrrrr...
...rrrrrr...rrrrrr...eeeeeeeeeeeeeeeeeeeeeeeeeeeeee...eeeeeeeeeeeeeeeeeeeeeeeeeeeeee...eeeeeeeeeeeeeeeeeeeeeeeeeeeeee...rrrrrr...rrrrrr...
...rrrrrr...rrrrrr...@@@@@@@@@@@@@@@@@@@@@@@@@@@@@@...@@@@@@@@@@@@@@@@@@@@@@@@@@@@@@...@@@@@@@@@@@@@@@@@@@@@@@@@@@@@@...rrrrrr...rrrrrr...
...rrrrrr...rrrrrr...@@@@@@@@@@@@@@@@@@@@@@@@@@@@@@...@@@@@@@@@@@@@@@@@@@@@@@@@@@@@@...@@@@@@@@@@@@@@@@@@@@@@@@@@@@@@...rrrrrr...rrrrrr...
...rrrrrr...rrrrrr...@@@@@@@@@@@@@@@@@@@@@@@@@@@@@@...@@@@@@@@@@@@@@@@@@@@@@@@@@@@@@...@@@@@@@@@@@@@@@@@@@@@@@@@@@@@@...rrrrrr...rrrrrr...
...rrrrrr...rrrrrr...eeeeeeeeeeeeeeeeeeeeeeeeeeeeee...eeeeeeeeeeeeeeeeeeeeeeeeeeeeee...eeeeeeeeeeeeeeeeeeeeeeeeeeeeee...rrrrrr...rrrrrr...
...rrrrrr...rrrrrr...eeeeeeeeeeeeeeeeeeeeeeeeeeeeee...eeeeeeeeeeeeeeeeeeeeeeeeeeeeee...eeeeeeeeeeeeeeeeeeeeeeeeeeeeee...rrrrrr...rrrrrr...
...rrrrrr...rrrrrr...eeeeeeeeeeeeeeeeeeeeeeeeeeeeee...eeeeeeeeeeeeeeeeeeeeeeeeeeeeee...eeeeeeeeeeeeeeeeeeeeeeeeeeeeee...rrrrrr...rrrrrr...
..........................................................................................................................................
..........................................................................................................................................
..........................................................................................................................................
